// Jest Snapshot v1, https://goo.gl/fbAQLP

exports[`snapshot 1`] = `
<div
  className="container"
>
  <div
    className="row"
  >
    <p>
      <div
        className="col"
      >
        Clicked: 
        0
         times
      </div>
    </p>
  </div>
  <div
    className="row"
  >
    <div
      className="col"
    >
      <button
        className="col btn btn-outline-primary btn-block"
        id="btn-increment"
        type="button"
      >
        +
      </button>
    </div>
  </div>
  <div
    className="row"
  >
    <div
      className="col"
    >
      <button
        className="col btn btn-outline-primary btn-block"
        id="btn-decrement"
        type="button"
      >
        -
      </button>
    </div>
  </div>
</div>
`;
