// Jest Snapshot v1, https://goo.gl/fbAQLP

exports[`snapshot 1`] = `
<div
  className="container"
>
  <div
    className="row"
  >
    <div
      className="col"
    >
      <h1>
        Hello Electron!!
      </h1>
    </div>
  </div>
</div>
`;
