// Jest Snapshot v1, https://goo.gl/fbAQLP

exports[`snapshot 1`] = `
<div
  className="container"
>
  <div
    className="row"
  >
    <p>
      <div
        className="col"
      >
        <button
          className="col btn btn-outline-primary btn-block"
          id="btn-qiita"
          type="button"
        >
          request
        </button>
        <ul />
      </div>
    </p>
  </div>
</div>
`;
